h=10.0mm point 偏移 (+0.00h,+0.00h)：k =   74.682 N/m，受力点 1/1，侧向/轴向 3.5e-16，压力中心偏移 (+0.000, -0.000) mm，1 s
h=10.0mm point 偏移 (+0.30h,+0.15h)：k =  106.221 N/m，受力点 1/1，侧向/轴向 3.5e-05，压力中心偏移 (-0.000, +0.000) mm，1 s
h=10.0mm point 偏移 (+0.55h,+0.25h)：k =  124.362 N/m，受力点 1/1，侧向/轴向 9.5e-05，压力中心偏移 (-0.000, +0.000) mm，1 s
h=10.0mm point 偏移 (-0.40h,+0.20h)：k =  115.768 N/m，受力点 1/1，侧向/轴向 3.9e-05，压力中心偏移 (+0.000, +0.000) mm，1 s
h=10.0mm point 偏移 (+0.50h,+0.00h)：k =  105.271 N/m，受力点 1/1，侧向/轴向 1.7e-04，压力中心偏移 (-0.000, -0.000) mm，1 s
h=10.0mm point 偏移 (+0.50h,+0.50h)：k =  118.907 N/m，受力点 1/1，侧向/轴向 1.5e-04，压力中心偏移 (+0.000, +0.000) mm，1 s
  → h=10mm point：k 范围 74.682–124.362 N/m，max/min − 1 = +66.5%，相对顶点落点 +0.0% ~ +66.5%
h=10.0mm disk  偏移 (+0.00h,+0.00h)：k =  204.034 N/m，受力点 8/9，侧向/轴向 2.0e-12，压力中心偏移 (-0.000, -0.000) mm，1 s
h=10.0mm disk  偏移 (+0.30h,+0.15h)：k =  205.967 N/m，受力点 8/9，侧向/轴向 6.3e-05，压力中心偏移 (-1.091, -0.658) mm，1 s
h=10.0mm disk  偏移 (+0.55h,+0.25h)：k =  205.872 N/m，受力点 7/9，侧向/轴向 1.6e-04，压力中心偏移 (-0.978, -0.130) mm，1 s
h=10.0mm disk  偏移 (-0.40h,+0.20h)：k =  208.044 N/m，受力点 6/9，侧向/轴向 1.2e-04，压力中心偏移 (+0.895, -0.273) mm，1 s
h=10.0mm disk  偏移 (+0.50h,+0.00h)：k =  204.044 N/m，受力点 6/9，侧向/轴向 1.5e-04，压力中心偏移 (-0.901, -0.000) mm，2 s
h=10.0mm disk  偏移 (+0.50h,+0.50h)：k =  203.523 N/m，受力点 6/9，侧向/轴向 1.3e-04，压力中心偏移 (-0.590, -0.091) mm，2 s
  → h=10mm disk：k 范围 203.523–208.044 N/m，max/min − 1 = +2.2%，相对顶点落点 -0.3% ~ +2.0%
h= 5.0mm point 偏移 (+0.00h,+0.00h)：k =   38.050 N/m，受力点 1/1，侧向/轴向 6.9e-16，压力中心偏移 (-0.000, -0.000) mm，127 s
h= 5.0mm point 偏移 (+0.30h,+0.15h)：k =   54.434 N/m，受力点 1/1，侧向/轴向 1.5e-04，压力中心偏移 (-0.000, -0.000) mm，125 s
h= 5.0mm point 偏移 (+0.55h,+0.25h)：k =   64.408 N/m，受力点 1/1，侧向/轴向 2.4e-04，压力中心偏移 (-0.000, +0.000) mm，125 s
h= 5.0mm point 偏移 (-0.40h,+0.20h)：k =   59.552 N/m，受力点 1/1，侧向/轴向 1.9e-04，压力中心偏移 (+0.000, +0.000) mm，116 s
h= 5.0mm point 偏移 (+0.50h,+0.00h)：k =   54.275 N/m，受力点 1/1，侧向/轴向 5.0e-04，压力中心偏移 (-0.000, +0.000) mm，97 s
h= 5.0mm point 偏移 (+0.50h,+0.50h)：k =   61.732 N/m，受力点 1/1，侧向/轴向 1.6e-04，压力中心偏移 (+0.000, -0.000) mm，95 s
  → h=5mm point：k 范围 38.050–64.408 N/m，max/min − 1 = +69.3%，相对顶点落点 +0.0% ~ +69.3%
h= 5.0mm disk  偏移 (+0.00h,+0.00h)：k =  163.849 N/m，受力点 15/21，侧向/轴向 6.1e-12，压力中心偏移 (-0.000, -0.000) mm，125 s
h= 5.0mm disk  偏移 (+0.30h,+0.15h)：k =  169.630 N/m，受力点 15/21，侧向/轴向 4.2e-05，压力中心偏移 (-0.057, -0.219) mm，125 s
h= 5.0mm disk  偏移 (+0.55h,+0.25h)：k =  170.631 N/m，受力点 15/21，侧向/轴向 6.0e-05，压力中心偏移 (+0.319, -0.333) mm，134 s
h= 5.0mm disk  偏移 (-0.40h,+0.20h)：k =  170.097 N/m，受力点 15/21，侧向/轴向 5.1e-05，压力中心偏移 (-0.136, -0.223) mm，128 s
h= 5.0mm disk  偏移 (+0.50h,+0.00h)：k =  169.264 N/m，受力点 16/21，侧向/轴向 4.3e-05，压力中心偏移 (+0.296, +0.000) mm，137 s
h= 5.0mm disk  偏移 (+0.50h,+0.50h)：k =  170.516 N/m，受力点 13/21，侧向/轴向 5.6e-05，压力中心偏移 (+0.042, -0.328) mm，138 s
  → h=5mm disk：k 范围 163.849–170.631 N/m，max/min − 1 = +4.1%，相对顶点落点 +0.0% ~ +4.1%
