---------------------------------------
Checking SOFA_ROOT and SOFAPYTHON3_ROOT
Using environment variable SOFA_ROOT: /home/yuming/sofa/SOFA_v25.12.00_Linux
---------------------------------------
Puncture will not function properly; provide a positive value
== h=10.0 mm disk，9 个点
  压深 0.05 mm：行  9，受力  8，表面 J 秩  9，同组最多 2 点；受力点间隙 |g|max 2.2e-10 mm；F_z 0.0211 N，|M_tip| 5.7e-13 N·m，GS 17
     不受力的点（点号, 间隙 mm, 投影节点数）：(0,+1.744e-02,3)
  压深 0.10 mm：行  9，受力  8，表面 J 秩  9，同组最多 2 点；受力点间隙 |g|max 2.9e-10 mm；F_z 0.0286 N，|M_tip| 6.1e-13 N·m，GS 17
     不受力的点（点号, 间隙 mm, 投影节点数）：(0,+2.954e-02,3)
  压深 0.25 mm：行  9，受力  8，表面 J 秩  9，同组最多 2 点；受力点间隙 |g|max 5.3e-10 mm；F_z 0.0521 N，|M_tip| 1.2e-12 N·m，GS 17
     不受力的点（点号, 间隙 mm, 投影节点数）：(0,+5.496e-02,3)
  压深 0.50 mm：行  9，受力  8，表面 J 秩  9，同组最多 2 点；受力点间隙 |g|max 6.5e-10 mm；F_z 0.1000 N，|M_tip| 9.1e-13 N·m，GS 18
     不受力的点（点号, 间隙 mm, 投影节点数）：(0,+1.062e-01,3)
  压深 1.00 mm：行  9，受力  8，表面 J 秩  9，同组最多 3 点；受力点间隙 |g|max 3.1e-10 mm；F_z 0.2011 N，|M_tip| 4.1e-13 N·m，GS 19
     不受力的点（点号, 间隙 mm, 投影节点数）：(0,+2.199e-01,3)
  压深 2.50 mm：行  9，受力  8，表面 J 秩  9，同组最多 2 点；受力点间隙 |g|max 4.9e-10 mm；F_z 0.4934 N，|M_tip| 5.4e-13 N·m，GS 20
     不受力的点（点号, 间隙 mm, 投影节点数）：(0,+5.878e-01,3)
  压深 5.00 mm：行  9，受力  8，表面 J 秩  9，同组最多 2 点；受力点间隙 |g|max 4.3e-10 mm；F_z 0.9499 N，|M_tip| 7.8e-13 N·m，GS 22
     不受力的点（点号, 间隙 mm, 投影节点数）：(0,+1.307e+00,3)
Puncture will not function properly; provide a positive value
== h=5.0 mm disk，21 个点
  压深 0.05 mm：行 21，受力 15，表面 J 秩 21，同组最多 2 点；受力点间隙 |g|max 8.0e-10 mm；F_z 0.0153 N，|M_tip| 1.1e-13 N·m，GS 19
     不受力的点（点号, 间隙 mm, 投影节点数）：(1,+1.673e-03,3), (2,+1.748e-03,3), (4,+1.748e-03,3), (5,+1.673e-03,3), (6,+1.748e-03,3), (8,+1.748e-03,3)
  压深 0.10 mm：行 21，受力 15，表面 J 秩 21，同组最多 2 点；受力点间隙 |g|max 1.5e-09 mm；F_z 0.0220 N，|M_tip| 8.7e-11 N·m，GS 18
     不受力的点（点号, 间隙 mm, 投影节点数）：(1,+5.391e-03,3), (2,+4.051e-03,3), (4,+4.051e-03,3), (5,+5.391e-03,3), (6,+4.051e-03,3), (8,+4.051e-03,3)
  压深 0.25 mm：行 21，受力 15，表面 J 秩 21，同组最多 2 点；受力点间隙 |g|max 8.9e-10 mm；F_z 0.0422 N，|M_tip| 4.3e-10 N·m，GS 19
     不受力的点（点号, 间隙 mm, 投影节点数）：(1,+1.102e-02,3), (2,+8.154e-03,3), (4,+8.154e-03,3), (5,+1.102e-02,3), (6,+8.154e-03,3), (8,+8.154e-03,3)
  压深 0.50 mm：行 21，受力 15，表面 J 秩 21，同组最多 2 点；受力点间隙 |g|max 1.9e-09 mm；F_z 0.0800 N，|M_tip| 3.8e-10 N·m，GS 19
     不受力的点（点号, 间隙 mm, 投影节点数）：(1,+2.093e-02,3), (2,+1.576e-02,3), (4,+1.576e-02,3), (5,+2.093e-02,3), (6,+1.576e-02,3), (8,+1.576e-02,3)
  压深 1.00 mm：行 21，受力 15，表面 J 秩 21，同组最多 2 点；受力点间隙 |g|max 1.3e-09 mm；F_z 0.1611 N，|M_tip| 2.2e-09 N·m，GS 20
     不受力的点（点号, 间隙 mm, 投影节点数）：(1,+4.373e-02,3), (2,+3.397e-02,3), (4,+3.397e-02,3), (5,+4.373e-02,3), (6,+3.397e-02,3), (8,+3.397e-02,3)
  压深 2.50 mm：行 21，受力 15，表面 J 秩 21，同组最多 2 点；受力点间隙 |g|max 6.5e-10 mm；F_z 0.3931 N，|M_tip| 9.1e-08 N·m，GS 22
     不受力的点（点号, 间隙 mm, 投影节点数）：(1,+1.211e-01,3), (2,+1.022e-01,3), (4,+1.022e-01,3), (5,+1.210e-01,3), (6,+1.021e-01,3), (8,+1.022e-01,3)
  压深 5.00 mm：行 21，受力 15，表面 J 秩 21，同组最多 2 点；受力点间隙 |g|max 1.6e-09 mm；F_z 0.7488 N，|M_tip| 6.7e-07 N·m，GS 24
     不受力的点（点号, 间隙 mm, 投影节点数）：(1,+2.949e-01,3), (2,+2.735e-01,3), (4,+2.732e-01,3), (5,+2.947e-01,3), (6,+2.732e-01,3), (8,+2.734e-01,3)
Puncture will not function properly; provide a positive value
== h=5.0 mm cap，33 个点
  压深 0.05 mm：行 33，受力  1，表面 J 秩 21，同组最多 2 点；受力点间隙 |g|max 0.0e+00 mm；F_z 0.0022 N，|M_tip| 0.0e+00 N·m，GS 3
     不受力的点（点号, 间隙 mm, 投影节点数）：(1,+1.309e+00,3), (2,+1.309e+00,3), (3,+1.303e+00,3), (4,+1.309e+00,3), (5,+1.309e+00,3), (6,+1.309e+00,3), (7,+1.303e+00,3), (8,+1.309e+00,3), (9,+4.960e+00,3), (10,+4.955e+00,3), (11,+4.955e+00,3), (12,+4.958e+00,3), (13,+4.955e+00,3), (14,+4.955e+00,3), (15,+4.960e+00,3), (16,+4.955e+00,3), (17,+4.955e+00,3), (18,+4.958e+00,3), (19,+4.955e+00,3), (20,+4.955e+00,3), (21,+9.957e+00,3), (22,+9.955e+00,3), (23,+9.954e+00,3), (24,+9.955e+00,3), (25,+9.954e+00,3), (26,+9.955e+00,3), (27,+9.957e+00,3), (28,+9.955e+00,3), (29,+9.954e+00,3), (30,+9.955e+00,3), (31,+9.954e+00,3), (32,+9.955e+00,3)
  压深 0.10 mm：行 33，受力  1，表面 J 秩 33，同组最多 2 点；受力点间隙 |g|max 0.0e+00 mm；F_z 0.0041 N，|M_tip| 0.0e+00 N·m，GS 3
     不受力的点（点号, 间隙 mm, 投影节点数）：(1,+1.282e+00,3), (2,+1.281e+00,3), (3,+1.271e+00,3), (4,+1.281e+00,3), (5,+1.282e+00,3), (6,+1.281e+00,3), (7,+1.271e+00,3), (8,+1.281e+00,3), (9,+4.924e+00,3), (10,+4.915e+00,3), (11,+4.914e+00,3), (12,+4.919e+00,3), (13,+4.914e+00,3), (14,+4.915e+00,3), (15,+4.924e+00,3), (16,+4.915e+00,3), (17,+4.914e+00,3), (18,+4.919e+00,3), (19,+4.914e+00,3), (20,+4.915e+00,3), (21,+9.918e+00,3), (22,+9.913e+00,3), (23,+9.911e+00,3), (24,+9.915e+00,3), (25,+9.911e+00,3), (26,+9.913e+00,3), (27,+9.918e+00,3), (28,+9.913e+00,3), (29,+9.911e+00,3), (30,+9.915e+00,3), (31,+9.911e+00,3), (32,+9.913e+00,3)
  压深 0.25 mm：行 33，受力  1，表面 J 秩 33，同组最多 2 点；受力点间隙 |g|max 0.0e+00 mm；F_z 0.0096 N，|M_tip| 2.3e-37 N·m，GS 3
     不受力的点（点号, 间隙 mm, 投影节点数）：(1,+1.203e+00,3), (2,+1.200e+00,3), (3,+1.177e+00,3), (4,+1.200e+00,3), (5,+1.203e+00,3), (6,+1.200e+00,3), (7,+1.177e+00,3), (8,+1.200e+00,3), (9,+4.820e+00,3), (10,+4.799e+00,3), (11,+4.797e+00,3), (12,+4.809e+00,3), (13,+4.797e+00,3), (14,+4.799e+00,3), (15,+4.820e+00,3), (16,+4.799e+00,3), (17,+4.797e+00,3), (18,+4.809e+00,3), (19,+4.797e+00,3), (20,+4.799e+00,3), (21,+9.806e+00,3), (22,+9.794e+00,3), (23,+9.791e+00,3), (24,+9.799e+00,3), (25,+9.791e+00,3), (26,+9.794e+00,3), (27,+9.806e+00,3), (28,+9.794e+00,3), (29,+9.791e+00,3), (30,+9.799e+00,3), (31,+9.791e+00,3), (32,+9.794e+00,3)
  压深 0.50 mm：行 33，受力  1，表面 J 秩 33，同组最多 2 点；受力点间隙 |g|max 0.0e+00 mm；F_z 0.0185 N，|M_tip| 7.7e-36 N·m，GS 3
     不受力的点（点号, 间隙 mm, 投影节点数）：(1,+1.071e+00,3), (2,+1.065e+00,3), (3,+1.021e+00,3), (4,+1.065e+00,3), (5,+1.071e+00,3), (6,+1.065e+00,3), (7,+1.021e+00,3), (8,+1.065e+00,3), (9,+4.646e+00,3), (10,+4.606e+00,3), (11,+4.601e+00,3), (12,+4.624e+00,3), (13,+4.601e+00,3), (14,+4.606e+00,3), (15,+4.646e+00,3), (16,+4.606e+00,3), (17,+4.601e+00,3), (18,+4.624e+00,3), (19,+4.601e+00,3), (20,+4.606e+00,3), (21,+9.618e+00,3), (22,+9.596e+00,3), (23,+9.590e+00,3), (24,+9.605e+00,3), (25,+9.590e+00,3), (26,+9.596e+00,3), (27,+9.618e+00,3), (28,+9.596e+00,3), (29,+9.590e+00,3), (30,+9.605e+00,3), (31,+9.590e+00,3), (32,+9.596e+00,3)
  压深 1.00 mm：行 33，受力  1，表面 J 秩 33，同组最多 2 点；受力点间隙 |g|max 2.4e-31 mm；F_z 0.0363 N，|M_tip| 3.2e-34 N·m，GS 3
     不受力的点（点号, 间隙 mm, 投影节点数）：(1,+7.979e-01,3), (2,+7.779e-01,3), (3,+6.937e-01,3), (4,+7.779e-01,3), (5,+7.979e-01,3), (6,+7.779e-01,3), (7,+6.937e-01,3), (8,+7.779e-01,3), (9,+4.275e+00,3), (10,+4.201e+00,3), (11,+4.191e+00,3), (12,+4.236e+00,3), (13,+4.191e+00,3), (14,+4.201e+00,3), (15,+4.275e+00,3), (16,+4.201e+00,3), (17,+4.191e+00,3), (18,+4.236e+00,3), (19,+4.191e+00,3), (20,+4.201e+00,3), (21,+9.224e+00,3), (22,+9.182e+00,3), (23,+9.168e+00,3), (24,+9.199e+00,3), (25,+9.168e+00,3), (26,+9.182e+00,3), (27,+9.224e+00,3), (28,+9.182e+00,3), (29,+9.168e+00,3), (30,+9.199e+00,3), (31,+9.168e+00,3), (32,+9.182e+00,3)
  压深 2.50 mm：行 33，受力  7，表面 J 秩 33，同组最多 2 点；受力点间隙 |g|max 4.1e-09 mm；F_z 0.0954 N，|M_tip| 7.6e-13 N·m，GS 19
     不受力的点（点号, 间隙 mm, 投影节点数）：(1,+4.772e-02,3), (5,+4.772e-02,3), (9,+3.181e+00,3), (10,+3.037e+00,3), (11,+3.025e+00,3), (12,+3.161e+00,3), (13,+3.025e+00,3), (14,+3.037e+00,3), (15,+3.181e+00,3), (16,+3.037e+00,3), (17,+3.025e+00,3), (18,+3.161e+00,3), (19,+3.025e+00,3), (20,+3.037e+00,3), (21,+8.064e+00,3), (22,+7.979e+00,3), (23,+7.959e+00,3), (24,+8.055e+00,3), (25,+7.959e+00,3), (26,+7.979e+00,3), (27,+8.064e+00,3), (28,+7.979e+00,3), (29,+7.959e+00,3), (30,+8.055e+00,3), (31,+7.959e+00,3), (32,+7.979e+00,3)
  压深 5.00 mm：行 33，受力  9，表面 J 秩 33，同组最多 2 点；受力点间隙 |g|max 3.7e-09 mm；F_z 0.3390 N，|M_tip| 3.7e-13 N·m，GS 35
     不受力的点（点号, 间隙 mm, 投影节点数）：(9,+2.296e+00,3), (10,+2.357e+00,3), (11,+2.390e+00,3), (12,+2.175e+00,3), (13,+2.390e+00,3), (14,+2.357e+00,3), (15,+2.296e+00,3), (16,+2.357e+00,3), (17,+2.390e+00,3), (18,+2.175e+00,3), (19,+2.390e+00,3), (20,+2.357e+00,3), (21,+6.902e+00,3), (22,+6.830e+00,3), (23,+6.914e+00,3), (24,+6.790e+00,3), (25,+6.914e+00,3), (26,+6.830e+00,3), (27,+6.902e+00,3), (28,+6.830e+00,3), (29,+6.914e+00,3), (30,+6.790e+00,3), (31,+6.914e+00,3), (32,+6.830e+00,3)
