== W50 中心（三角形内，靠近节点）
   0.5 mm：F_z 0.021 N，侧向/轴向 2.30e-03，最差体积比 0.97
   1.0 mm：F_z 0.042 N，侧向/轴向 4.79e-03，最差体积比 0.94
   2.0 mm：F_z 0.082 N，侧向/轴向 9.63e-03，最差体积比 0.86
   3.0 mm：F_z 0.122 N，侧向/轴向 1.52e-02，最差体积比 0.77
   4.0 mm：F_z 0.161 N，侧向/轴向 2.26e-02，最差体积比 0.67
   5.0 mm：F_z 0.199 N，侧向/轴向 3.27e-02，最差体积比 0.56
   6.0 mm：F_z 0.234 N，侧向/轴向 4.49e-02，最差体积比 0.44
   7.0 mm：F_z 0.265 N，侧向/轴向 5.61e-02，最差体积比 0.32
   8.0 mm：F_z 0.302 N，侧向/轴向 6.76e-02，最差体积比 0.20
   （到达 8.0 mm）
== W50c 节点
   0.5 mm：F_z 0.014 N，侧向/轴向 7.02e-04，最差体积比 0.96
   1.0 mm：F_z 0.028 N，侧向/轴向 1.55e-03，最差体积比 0.91
   2.0 mm：F_z 0.055 N，侧向/轴向 3.34e-03，最差体积比 0.79
   3.0 mm：F_z 0.079 N，侧向/轴向 4.50e-03，最差体积比 0.65
   4.0 mm：F_z 0.101 N，侧向/轴向 3.22e-03，最差体积比 0.47
   5.0 mm：F_z 0.122 N，侧向/轴向 6.09e-03，最差体积比 0.25
   6.0 mm：F_z 0.142 N，侧向/轴向 2.09e-02，最差体积比 -0.01
   7.0 mm：F_z 0.063 N，侧向/轴向 4.69e-02，最差体积比 -0.45
   （到达 7.2 mm）
== W50 三角形重心 (40.78, 38.06) mm
   0.5 mm：F_z 0.030 N，侧向/轴向 1.72e-03，最差体积比 0.97
   1.0 mm：F_z 0.059 N，侧向/轴向 3.76e-03，最差体积比 0.94
   2.0 mm：F_z 0.113 N，侧向/轴向 8.22e-03，最差体积比 0.88
   3.0 mm：F_z 0.163 N，侧向/轴向 1.35e-02，最差体积比 0.80
   4.0 mm：F_z 0.207 N，侧向/轴向 1.99e-02，最差体积比 0.70
   5.0 mm：F_z 0.244 N，侧向/轴向 2.70e-02，最差体积比 0.54
   6.0 mm：F_z 0.267 N，侧向/轴向 3.41e-02，最差体积比 0.20
   （到达 6.3 mm）
